ir_projheia-aparnamogili:/home/project$ mkdir my_di
y_dir_proj/srcarnamogili:/home/project$ mkdir -p my

y_dir_proj/classesmogili:/home/project$ mkdir -p my
y_dir_proj/testrnamogili:/home/project$ mkdir -p my
proja@theia-aparnamogili:/home/project$ cd my_dir_p
theia@theia-aparnamogili:/home/project/my_dir_proj
lorer.javaome/project/my_dir_proj/src/DirectoryExpl
 src/DirectoryExplorer.javaome/project/my_dir_proj$ javac -d classes 
=$CLASSPATH:/home/project/my_dir_proj/classes_proj$ export CLASSPATH=
plorertheia-aparnamogili:/home/project/my_dir_proj$ java DirectoryExp
Enter the name of the file or directory with the path
src/DirectoryExplorer.java
src/DirectoryExplorer.java is a file
plorertheia-aparnamogili:/home/project/my_dir_proj$ java DirectoryExp
Enter the name of the file or directory with the path
src
src is a directory
plorertheia-aparnamogili:/home/project/my_dir_proj$ java DirectoryExp
Enter the name of the file or directory with the path
rtyui
rtyui is a not a valid file or directory
 src/DirectoryExplorer.javaome/project/my_dir_proj$ javac -d classes 
java DirectoryExplorer
plorertheia-aparnamogili:/home/project/my_dir_proj$ java DirectoryExp

Press 1 for File Management,
Any other key to exit
1
Enter the name of the file or directory with the path
/home/project/myTempDir
/home/project/myTempDir is a not a valid file or directory
To create a file with given name press 1
To create a directory with given name press 2
To do nothing and continue, press any other key
1
File successfully created!

Press 1 for File Management,
Any other key to exit
/home/project/myTempDir
Bye!
plorertheia-aparnamogili:/home/project/my_dir_proj$ java DirectoryExp

Press 1 for File Management,
Any other key to exit
1
Enter the name of the file or directory with the path
/home/project/myTempDir
/home/project/myTempDir is a file

Press 1 for File Management,
Any other key to exit
1
Enter the name of the file or directory with the path
/home/project/myTempDir1
/home/project/myTempDir1 is a not a valid file or directory
To create a file with given name press 1
To create a directory with given name press 2
To do nothing and continue, press any other key
2
The directory has been created

Press 1 for File Management,
Any other key to exit
 
Bye!
plorertheia-aparnamogili:/home/project/my_dir_proj$ java DirectoryExp

Press 1 for File Management,
Any other key to exit
/home/project/myTempDir2/test
Bye!
plorertheia-aparnamogili:/home/project/my_dir_proj$ java DirectoryExp

Press 1 for File Management,
Any other key to exit
1
Enter the name of the file or directory with the path
/home/project/myTempDir2/test
/home/project/myTempDir2/test is a not a valid file or directory
To create a file with given name press 1
To create a directory with given name press 2
To do nothing and continue, press any other key
1
File successfully created!

Press 1 for File Management,
Any other key to exit
javac -d classes src/DirectoryExplorer.java
Bye!
theia@theia-aparnamogili:/home/project/my_dir_proj
$ java DirectoryExplorer

Press 1 for File Management,
Any other key to exit
1
Enter the name of the file or directory with the path
/home/project/myTempDir3
/home/project/myTempDir3 is a not a valid file or directory
To create a file with given name press 1
To create a directory with given name press 2
To do nothing and continue, press any other key
2
The directory has been created

Press 1 for File Management,
Any other key to exit
1
Enter the name of the file or directory with the path
/home/project/myTempDir
/home/project/myTempDir is a file

Press 1 for File Management,
Any other key to exit
1
Enter the name of the file or directory with the path
/home/project/myTempDir
/home/project/myTempDir is a file

Press 1 for File Management,
Any other key to exit
1                      
Enter the name of the file or directory with the path
/home/project/myTempDir3
/home/project/myTempDir3 is a directory

Press 1 for File Management,
Any other key to exit
j
Bye!
theia@theia-aparnamogili:/home/project/my_dir_proj
$ java DirectoryExplorer

Press 1 for File Management,
Any other key to exit
;
Bye!
theia@theia-aparnamogili:/home/project/my_dir_proj
$ javac -d classes src/DirectoryExplorer.java
theia@theia-aparnamogili:/home/project/my_dir_proj
$ java DirectoryExplorer

Press 1 for File Management,
Any other key to exit
1
Enter the name of the file or directory with the path
import java.io.File;
import java.util.Scanner;
import java.io.IOException;

public class DirectoryExplorer {

    // Method to handle file management operations
    private static void fileManagement(File file) {
        // Display options to the user
        System.out.println("\nPress 1 to rename the file," +
                "\nPress 2 to delete the file," +
                "\nAny other key to exit");

        Scanner scanner = new Scanner(System.in);
        String userChoice = scanner.nextLine();

        // Handle user choice
        if (userChoice.equals("1")) {
            // Get new name for the file
            System.out.println("Enter the new name for the file " + file.getName());
            String newfileName = scanner.nextLine();
            // Attempt to rename the file
            boolean changed = file.renameTo(new File(file.getParent(), newfileName));
            //Print message about success or failure of file renaming
            if (changed) {
                System.out.println("Filename successfully changed");
            } else {
                System.out.println("Filename couldn't be changed!");
            }
        } else if (userChoice.equals("2")) {
            // Delete the file
            boolean deleted = file.delete();
            //Print message about success or failure of file deletion
            if (deleted) {
                System.out.println("Filename successfully deleted");
            } else {
                System.out.println("Filename couldn't be deleted!");
            }
        }
    }

    // Method to handle directory management operations (list, rename, or delete)
    private static void directoryManagement(File dirObj) {
        // Display options to the user
        System.out.println("\nPress 1 to list the directory," +
                "\nPress 2 to rename the directory," +
                "\nPress 3 to delete the directory," +
                "\nAny other key to exit");

        Scanner scanner = new Scanner(System.in);
        String userChoice = scanner.nextLine();

        // Handle user choice
        if (userChoice.equals("1")) {
            // List the contents of the directory
            String fileNames[] = dirObj.list();
            if (fileNames.length == 0) {
                System.out.println("The directory is empty!");
            } else {
                for (int i = 0; i < fileNames.length; i++) {
                    System.out.println(fileNames[i]);
                }
            }
        } else if (userChoice.equals("2")) {
            // Rename the directory
            System.out.println("Enter the new name for the directory " + dirObj.getName());
            String newDirName = scanner.nextLine();
            // Attempt to rename the directory
            boolean changed = dirObj.renameTo(new File(dirObj.getParent(), newDirName));
            //Print message about success or failure of dir renaming
            if (changed) {
                System.out.println("Directory name successfully changed");
            } else {
                System.out.println("Directory name couldn't be changed!");
            }
        } else if (userChoice.equals("3")) {
            // Delete the directory
            boolean deleted = dirObj.delete();
            //Print message about success or failure of dir deletion
            if (deleted) {
                System.out.println("Directory successfully deleted");
            } else {
                System.out.println("Directory couldn't be deleted! It might not be empty");
            }
        }
    }

    public static void main(String s[]) {
        Scanner scanner = new Scanner(System.in);

        // Loop indefinitely until the user chooses to exit
        while (true) {
            // Display the menu options to the user
            System.out.println("\nPress 1 for File Management," + "\nAny other key to exit");

            // Read the user's choice
            String userAction = scanner.nextLine();

            // Option 1: File Management
            if (userAction.equals("1")) {
                // Prompt the user to enter the name of the file or directory with the path
                System.out.println("Enter the name of the file or directory with the path");

                // Read the file name with path
                String fileName = scanner.nextLine();

                // Create a File object representing the file or directory
                File file = new File(fileName);

                // Check if the file or directory exists
                if (file.exists()) {
                    // Check if the file is a file or directory
                    if (file.isFile()) {
                        System.out.println(fileName + " is a file");
                        // Call the fileManagement method for file operations
                        fileManagement(file);
                    } else {
                        System.out.println(fileName + " is a directory");
                        // Call the directoryManagement method for directory operations
                        directoryManagement(file);
                    }
                } else {
                    // If the file or directory does not exist, prompt the user to create it
                    System.out.println(fileName + " is not a valid file or directory");
                    System.out.println("To create a file with given name press 1\n"
                            + "To create a directory with given name press 2\n"
                            + "To do nothing and continue, press any other key");

                    // Read the user's choice
                    String createChoice = scanner.nextLine();

                    // Create a file
                    if (createChoice.equals("1")) {
                        // Get the parent directory
                        String parentDirStr = file.getParent();
                        File parentDir = new File(parentDirStr);

                        // Create the parent directory if it does not exist
                        if (!parentDir.exists()) {
                            boolean created = parentDir.mkdirs();
                            if (!created) {
                                System.out.println("The parent directory could not be created");
                                continue;
                            }
                        }

                        // Create the file
                        try {
                            file.createNewFile();
                            System.out.println("File successfully created!");
                        } catch (IOException ioe) {
                            System.out.println("Unable to create file. " + ioe.getMessage());
                        }
                    }
                    // Create a directory
                    else if (createChoice.equals("2")) {
                        // Create the directory
                        boolean created = file.mkdirs();
                        if (created) {
                            System.out.println("The directory has been created");
                        } else {
                            System.out.println("The directory couldn't be created");
                        }
                    }
                }
            }
            // Exit the program
            else {
                System.out.println("Bye!");
                break;
            }
        }
    }
}import java.io.File; is not a valid file or directory
To create a file with given name press 1
To create a directory with given name press 2
To do nothing and continue, press any other key

Press 1 for File Management,
Any other key to exit
Bye!
theia@theia-aparnamogili:/home/project/my_dir_proj
$ java DirectoryExplorer

Press 1 for File Management,
Any other key to exit
1
Enter the name of the file or directory with the path
/home/project/myTempDir4
/home/project/myTempDir4 is not a valid file or directory
To create a file with given name press 1
To create a directory with given name press 2
To do nothing and continue, press any other key
2
The directory has been created

Press 1 for File Management,
Any other key to exit
1
Enter the name of the file or directory with the path
/home/project/myTempDir4
/home/project/myTempDir4 is a directory

Press 1 to list the directory,
Press 2 to rename the directory,
Press 3 to delete the directory,
Any other key to exit
1
The directory is empty!

Press 1 for File Management,
Any other key to exit
1
Enter the name of the file or directory with the path
/home/project/myTempDir4
/home/project/myTempDir4 is a directory

Press 1 to list the directory,
Press 2 to rename the directory,
Press 3 to delete the directory,
Any other key to exit
2
Enter the new name for the directory myTempDir4
/home/project/myTempDir4Renamed
Directory name couldn't be changed!

Press 1 for File Management,
Any other key to exit
1
Enter the name of the file or directory with the path
/home/project/myTempDir4
/home/project/myTempDir4 is a directory

Press 1 to list the directory,
Press 2 to rename the directory,
Press 3 to delete the directory,
Any other key to exit
2   
Enter the new name for the directory myTempDir4
myTempDir4Renames
Directory name successfully changed

Press 1 for File Management,
Any other key to exit
1
Enter the name of the file or directory with the path
/home/project/myTempDir4Renames
/home/project/myTempDir4Renames is a directory

Press 1 to list the directory,
Press 2 to rename the directory,
Press 3 to delete the directory,
Any other key to exit
3
Directory successfully deleted

Press 1 for File Management,
Any other key to exit
1
Enter the name of the file or directory with the path
/home/project          
/home/project is a directory

Press 1 to list the directory,
Press 2 to rename the directory,
Press 3 to delete the directory,
Any other key to exit
1
my_dir_proj
myTempDir
myTempDir3
myTempDir1
.theia
myTempDir2

Press 1 for File Management,
Any other key to exit

Bye!
theia@theia-aparnamogili:/home/project/my_dir_proj$ t
iveList.javaroject/my_dir_proj/src/DirectoryRecursi
theia@theia-aparnamogili:/home/project/my_dir_proj
java DirectoryRecursiveListctoryRecursiveList.java 
theia@theia-aparnamogili:/home/project/my_dir_proj
$ java DirectoryRecursiveList

Press 1 to recursively list a directory,
Any other key to exit
1
Enter the name of the directory with the path
/ome/project
/ome/project is not a valid directory

Press 1 to recursively list a directory,
Any other key to exit
/home/project
Bye!
theia@theia-aparnamogili:/home/project/my_dir_proj
$ java DirectoryRecursiveList

Press 1 to recursively list a directory,
Any other key to exit
1
Enter the name of the directory with the path
/home/project
Printing /home/project recursively
Printing /home/project/my_dir_proj recursively
Printing /home/project/my_dir_proj/test recursively
Printing /home/project/my_dir_proj/classes recursively
/home/project/my_dir_proj/classes/DirectoryRecursiveList.class
/home/project/my_dir_proj/classes/DirectoryExplorer.class
Printing /home/project/my_dir_proj/src recursively
/home/project/my_dir_proj/src/DirectoryRecursiveList.java
/home/project/my_dir_proj/src/DirectoryExplorer.java
/home/project/my_dir_proj/console.log
/home/project/myTempDir
Printing /home/project/myTempDir3 recursively
Printing /home/project/myTempDir1 recursively
Printing /home/project/.theia recursively
/home/project/.theia/settings.json
Printing /home/project/myTempDir2 recursively
/home/project/myTempDir2/test

Press 1 to recursively list a directory,
theia@theia-aparnamogili:/home/project/my_dir_proj$ java DirectoryExplorer
ryExplorer.javarnamogili:/home/project/my_dir_proj$ java DirectoryExplorer
Press 1 for File Management,RecursiveList.javadir_proj$ java DirectoryRecursiveL
Any other key to exitr.javai:/home/project/my_dir_proj$ javac -d classes 
1
Enter the name of the file or directory with the path
/home/project
/home/project is a directory

Press 1 to list the directory,
Press 2 to rename the directory,
Press 3 to delete the directory,
Press 4 to recursively list the directory,
Any other key to exit
4
/home/project/my_dir_proj/classes/DirectoryRecursiveList.class
/home/project/my_dir_proj/classes/DirectoryExplorer.class
/home/project/my_dir_proj/src/DirectoryRecursiveList.java
/home/project/my_dir_proj/src/DirectoryExplorer.java
/home/project/my_dir_proj/console.log
/home/project/myTempDir
/home/project/.theia/settings.json
/home/project/myTempDir2/test

Press 1 for File Management,
Any other key to exit

Bye!
theia@theia-aparnamogili:/home/project/my_dir_proj$ 
theia@theia-aparnamogili:/home/project/my_dir_proj$ g
it clone https://github.com/ibm-developer-skills-network/flgsb-oop-additional-practice.git
Cloning into 'flgsb-oop-additional-practice'...
remote: Enumerating objects: 251, done.
remote: Counting objects: 100% (22/22), done.
remote: Compressing objects: 100% (17/17), done.
remote: Total 251 (delta 7), reused 5 (delta 5), pack-reused 229 (from 1)
Receiving objects: 100% (251/251), 82.20 KiB | 1.91 MiB/s, done.
Resolving deltas: 100% (61/61), done.
theia@theia-aparnamogili:/home/project/my_dir_proj
$ cd flgsb-oop-additional-practice/OOPs/Module\ 4
theia@theia-aparnamogili:/home/project/my_dir_proj
/flgsb-oop-additional-practice/OOPs/Module 4$ ls
'Read a text file'  'Use Directory Explorer'
theia@theia-aparnamogili:/home/project/my_dir_proj
/flgsb-oop-additional-practice/OOPs/Module 4$ cd Read\ a\ text\ file
theia@theia-aparnamogili:/home/project/my_dir_proj
/flgsb-oop-additional-practice/OOPs/Module 4/Read 
a text file$ git clone https://github.com/ibm-developer-skills-netwoa text file$ git clone https://github.com/ibm-developer-skills-netwoa text file$ 
theia@theia-aparnamogili:/home/project/my_dir_projtheia@theia-aparnatheia@theia-aparnamogili:/home/project/my_dir_proj/flgsb-oop-additio
nal-practice/OOPs/Module 4/Read a text file$ mkdir classes
theia@theia-aparnamogili:/home/project/my_dir_proj/flgsb-oop-additio
nal-practice/OOPs/Module 4/Read a text file$ javac -d ContactReader.java 
error: no source files
theia@theia-aparnamogili:/home/project/my_dir_proj/flgsb-oop-additio
nal-practice/OOPs/Module 4/Read a text file$ javac -d classes Contac
tReader.java 
theia@theia-aparnamogili:/home/project/my_dir_proj/flgsb-oop-additio
nal-practice/OOPs/Module 4/Read a text file$ CLASSPATH=$CLASSPATH:/home/project/my_dir_proj/flgsb-oop-additional-practice/OOPs/Module\ 4/Read\ a\ text\ file/
theia@theia-aparnamogili:/home/project/my_dir_proj/flgsb-oop-additio
nal-practice/OOPs/Module 4/Read a text file$ CLASSPATH=$CLASSPATH:/home/project/my_dir_proj/flgsb-oop-additional-practice/OOPs/Module\ 4/Read\ a\ text\ file/classes/
theia@theia-aparnamogili:/home/project/my_dir_proj/flgsb-oop-additional-practice/OOPs/Module 4/Read a text file$ java ContactReader    
theia@theia-aparnamogili:/home/project/my_dir_proj/flgsb-oop-additio
nal-practice/OOPs/Module 4/Read a text file$ java ContactReader
theia@theia-aparnamogili:/home/project/my_dir_proj/flgsb-oop-additio
nal-practice/OOPs/Module 4/Read a text file$ javac -d classes ContactReader.java 
theia@theia-aparnamogili:/home/project/my_dir_proj/flgsb-oop-additio
nal-practice/OOPs/Module 4/Read a text file$ java ContactReader
theia@theia-aparnamogili:/home/project/my_dir_proj/flgsb-oop-additio
nal-practice/OOPs/Module 4/Read a text file$ 

theia@theia-aparnamogili:/home/project$ CLASSPATH=$CLASSPATH:/home/project/flgsb-oop-additional-practice/OOPs/Module\ 4/Read\ a\ text\ file/c
classes/      contacts.txt  
theia@theia-aparnamogili:/home/project$ CLASSPATH=$CLASSPATH:/home/p
roject/flgsb-oop-additional-practice/OOPs/Module\ 4/Read\ a\ text\ file/c
classes/      contacts.txt  
theia@theia-aparnamogili:/home/project$ CLASSPATH=$CLASSPATH:/home/p
roject/flgsb-oop-additional-practice/OOPs/Module\ 4/Read\ a\ text\ file/classes/
theia@theia-aparnamogili:/home/project$ cd flgsb-oop-additional-practice/OOPs/Module\ 4/Read\ a\ text\ file/
theia@theia-aparnamogili:/home/project/flgsb-oop-additional-practice
/OOPs/Module 4/Read a text file$ java -d classes ContactReader.java 
classes not found
theia@theia-aparnamogili:/home/project/flgsb-ooptheia@theia-aparnamogili:/home/project/flgsb-oop-additional-practice
theia@theia-aparnamogili:/home/project/flgsb-ooptheia@theia-aparnamogili:/home/project/flgsb-oop-additional-practice
theia@theia-aparnamogili:/home/project/flgsb-oop-additional-practice
/OOPs/Module 4/Read a text file$ javac -d classes ContactReader.java 
theia@theia-aparnamogili:/home/project/flgsb-oop-additional-practice
/OOPs/Module 4/Read a text file$ java ContactReader      
Enter the file name : 
contacts.txt
Aps:+9199876543210
Anitha:+918765432109
Anusha:+917654321098
Anirudh:+916543210987
theia@theia-aparnamogili:/home/project/flgsb-oop-additional-practice
/OOPs/Module 4/Read a text file$ cd Use\ Directory\ Explorer
bash: cd: Use Directory Explorer: No such file or directory
theia@theia-aparnamogili:/home/project/flgsb-oop-additional-practice
/OOPs/Module 4/Read a text file$ cd ../ 
theia@theia-aparnamogili:/home/project/flgsb-oop-additional-practice
/OOPs/Module 4$ ls
'Read a text file'
theia@theia-aparnamogili:/home/project/flgsb-ooptheia@theia-aparnamotheia@theia-aparnamogili:/home/project/flgsb-oop-addtheia@theia-apartheia@theia-aparnamogili:/home/project/flgsb-oop-additional-practice
/OOPs/Module 4$ cd Use Directory Explorer
bash: cd: too many arguments
theia@theia-aparnamogili:/home/project/flgsb-oop-additional-practice
/OOPs/Module 4$ mkdir Use Directory Explorer
theia@theia-aparnamogili:/home/project/flgsb-oop-additional-practice
/OOPs/Module 4$ ls           
 Directory   Explorer  'Read a text file'   Use
theia@theia-aparnamogili:/home/project/flgsb-oop-additional-practice
/OOPs/Module 4$ mkdir UDE                   
theia@theia-aparnamogili:/home/project/flgsb-oop-additional-practice
/OOPs/Module 4$ touch FileSystemManager.java
theia@theia-aparnamogili:/home/project/flgsb-oop-additional-practice/OOPs/Module 4$ javac Fil
eSystemManager.java
theia@theia-aparnamogili:/home/project/flgsb-oop-additional-practice/OOPs/Module 4$ java FileSystemManager      
Error: Could not find or load main class FileSystemManager
Caused by: java.lang.ClassNotFoundException: FileSystemManager
theia@theia-aparnamogili:/home/project/flgsb-oop-additional-practice/OOPs/Module 4$ ls -la
total 32
drwxr-sr-x 8 theia users 4096 Aug 22 05:34  .
drwxr-sr-x 3 theia users 4096 Aug 22 05:05  ..
drwxr-sr-x 2 theia users 4096 Aug 22 05:33  Directory
drwxr-sr-x 2 theia users 4096 Aug 22 05:33  Explorer
-rw-r--r-- 1 theia users    0 Aug 22 05:34  FileSystemManager.java
drwxr-sr-x 3 theia users 4096 Aug 22 05:21 'Read a text file'
drwxr-sr-x 2 theia users 4096 Aug 22 05:34  UDE
drwxr-sr-x 2 theia users 4096 Aug 22 05:33  Use
drwxr-sr-x 2 theia users 4096 Aug 22 05:34 'Use Directory Explorer'
theia@theia-aparnamogili:/home/project/flgsb-oop-additional-practice/OOPs/Module 4$ cd Use
Use/                    Use Directory Explorer/ 
theia@theia-aparnamogili:/home/project/flgsb-oop-additional-practice/OOPs/Module 4$ cd Use
Use/                    Use Directory Explorer/ 
theia@theia-aparnamogili:/home/project/flgsb-oop-additional-practice/OOPs/Module 4$ javac -d 
classes/ FileSystemManager.java
theia@theia-aparnamogili:/home/project/flgsb-oop-additional-practice/OOPs/Module 4$ java FileSystemManager
Error: Could not find or load main class FileSystemManager
Caused by: java.lang.ClassNotFoundException: FileSystemManager
theia@theia-aparnamogili:/home/project/flgsb-oop-additional-practice/OOPs/Module 4$ mkdir classes
theia@theia-aparnamogili:/home/project/flgsb-oop-additional-practice/OOPs/Module 4$ javac -d classes/ FileSystemManager.java
theia@theia-aparnamogili:/home/project/flgsb-oop-additional-practice/OOPs/Module 4$ cd classes/
theia@theia-aparnamogili:/home/project/flgsb-oop-additional-practice/OOPs/Module 4/classes$ ls
theia@theia-aparnamogili:/home/project/flgsb-oop-additional-practice/OOPs/Module 4/classes$ ls
theia@theia-aparnamogili:/home/project/flgsb-oop-additional-practice/OOPs/Module 4/classes$ 
theia@theia-aparnamogili:/home/project/flgsb-oop-additional-practice/OOPs/Module 4/classes$ cd ../
theia@theia-aparnamogili:/home/project/flgsb-oop-additional-practice/OOPs/Module 4$ javac -d classes/ FileSystemManager.java
theia@theia-aparnamogili:/home/project/flgsb-oop-additional-practice/OOPs/Module 4$ j
avac -d classes/ FileSystemManager.java
error: file not found: FileSystemManager.java
Usage: javac <options> <source files>
use --help for a list of possible options
theia@theia-aparnamogili:/home/project/flgsb-oop-additional-practice/OOPs/M
odule 4$ javac -d classes/ FileSystemManager.java
error: file not found: FileSystemManager.java
Usage: javac <options> <source files>
use --help for a list of possible options
theia@theia-aparnamogili:/home/project/flgsb-oop-additional-practice/OOPs/M
odule 4$ javac -d classes/ Use\ Directory\ Explorer/FileSystemManager.java
theia@theia-aparnamogili:/home/project/flgsb-oop-additional-practice/OOPs/M
odule 4$ java FileSystemManager
Error: Could not find or load main class FileSystemManager
Caused by: java.lang.ClassNotFoundException: FileSystemManager
theia@theia-aparnamogili:/home/project/flgsb-oop-additional-practice/OOPs/M
odule 4$ cd classes/
theia@theia-aparnamogili:/home/project/flgsb-oop-additional-practice/OOPs/M
odule 4/classes$ java FileSystemManager.class 
Error: Could not find or load main class FileSystemManager.class
Caused by: java.lang.ClassNotFoundException: FileSystemManager.class
theia@theia-aparnamogili:/home/project/flgsb-oop-additional-practice/OOPs/M
odule 4/classes$ java FileSystemManager       
Welcome to the File System Manager!
Type 'help' to see available commands.
/home/project/flgsb-oop-additional-practice/OOPs/Module 4/classes> help

Available commands:
  help              - Display this help message
  ls                - List files in current directory
  cd <directory>    - Change to specified directory (use .. for parent)
  pwd               - Print current directory path
  mkdir <name>      - Create a new directory
  touch <name>      - Create a new file
  rm <name>         - Delete a file or directory
  rename <old> <new> - Rename a file or directory
  find <pattern>    - Search for files matching pattern
  info <name>       - Display file information
  exit              - Exit the program
/home/project/flgsb-oop-additional-practice/OOPs/Module 4/classes> ls
Contents of /home/project/flgsb-oop-additional-practice/OOPs/Module 4/classes:
Type | Size (bytes) | Last Modified       | Name
-------------------------------------------------
 -   |       10209 | 2025-08-22 05:46:23 | FileSystemManager.class
/home/project/flgsb-oop-additional-practice/OOPs/Module 4/classes> cd ../
/home/project/flgsb-oop-additional-practice/OOPs/Module 4/classes/..> ls  
Contents of /home/project/flgsb-oop-additional-practice/OOPs/Module 4/classes/..:
Type | Size (bytes) | Last Modified       | Name
-------------------------------------------------
 d   |        4096 | 2025-08-22 05:46:23 | classes
 d   |        4096 | 2025-08-22 05:21:53 | Read a text file
 d   |        4096 | 2025-08-22 05:34:45 | Use Directory Explorer
/home/project/flgsb-oop-additional-practice/OOPs/Module 4/classes/..> pwd
/home/project/flgsb-oop-additional-practice/OOPs/Module 4/classes/..
/home/project/flgsb-oop-additional-practice/OOPs/Module 4/classes/..> mkdir
Error: Directory name is required
/home/project/flgsb-oop-additional-practice/OOPs/Module 4/classes/..> mkdir test
Directory created: test
/home/project/flgsb-oop-additional-practice/OOPs/Module 4/classes/..> ^[[A^ls     
Contents of /home/project/flgsb-oop-additional-practice/OOPs/Module 4/classes/..:
Type | Size (bytes) | Last Modified       | Name
-------------------------------------------------
 d   |        4096 | 2025-08-22 05:48:15 | test
 d   |        4096 | 2025-08-22 05:46:23 | classes
 d   |        4096 | 2025-08-22 05:21:53 | Read a text file
 d   |        4096 | 2025-08-22 05:34:45 | Use Directory Explorer
/home/project/flgsb-oop-additional-practice/OOPs/Module 4/classes/..> rm test
File deleted: test
/home/project/flgsb-oop-additional-practice/OOPs/Module 4/classes/..> ls
Contents of /home/project/flgsb-oop-additional-practice/OOPs/Module 4/classes/..:
Type | Size (bytes) | Last Modified       | Name
-------------------------------------------------
 d   |        4096 | 2025-08-22 05:46:23 | classes
 d   |        4096 | 2025-08-22 05:21:53 | Read a text file
 d   |        4096 | 2025-08-22 05:34:45 | Use Directory Explorer
/home/project/flgsb-oop-additional-practice/OOPs/Module 4/classes/..> help

Available commands:
  help              - Display this help message
  ls                - List files in current directory
  cd <directory>    - Change to specified directory (use .. for parent)
  pwd               - Print current directory path
  mkdir <name>      - Create a new directory
  touch <name>      - Create a new file
  rm <name>         - Delete a file or directory
  rename <old> <new> - Rename a file or directory
  find <pattern>    - Search for files matching pattern
  info <name>       - Display file information
  exit              - Exit the program
/home/project/flgsb-oop-additional-practice/OOPs/Module 4/classes/..> touch test
File created: test
/home/project/flgsb-oop-additional-practice/OOPs/Module 4/classes/..> rm test
File deleted: test
/home/project/flgsb-oop-additional-practice/OOPs/Module 4/classes/..> find contacts
Searching for files matching pattern: contacts
  [File] contacts.txt
Found 1 matching files/directories.
/home/project/flgsb-oop-additional-practice/OOPs/Module 4/classes/..> find Directory
Searching for files matching pattern: Directory
[Dir] 
Found 1 matching files/directories.
/home/project/flgsb-oop-additional-practice/OOPs/Module 4/classes/..> info contacts.txt
Error: File or directory does not exist: contacts.txt
/home/project/flgsb-oop-additional-practice/OOPs/Module 4/classes/..> info R       ead text file
Error: File or directory does not exist: R      ead text file
/home/project/flgsb-oop-additional-practice/OOPs/Module 4/classes/..> info Read a text file
Information for: Read a text file
----------------------------------
Type:          Directory
Path:          /home/project/flgsb-oop-additional-practice/OOPs/Module 4/classes/../Read a text file
Size:          4096 bytes
Last Modified: 2025-08-22 05:21:53
Readable:      true
Writable:      true
Executable:    true
Hidden:        false
Content:       2 files, 1 directories
/home/project/flgsb-oop-additional-practice/OOPs/Module 4/classes/..> help

Available commands:
  help              - Display this help message
  ls                - List files in current directory
  cd <directory>    - Change to specified directory (use .. for parent)
  pwd               - Print current directory path
  mkdir <name>      - Create a new directory
  touch <name>      - Create a new file
  rm <name>         - Delete a file or directory
  rename <old> <new> - Rename a file or directory
  find <pattern>    - Search for files matching pattern
  info <name>       - Display file information
  exit              - Exit the program
/home/project/flgsb-oop-additional-practice/OOPs/Module 4/classes/..> exit
Thank you for using File System Manager. Goodbye!
theia@theia-aparnamogili:/home/project/flgsb-oop-additional-practice/OOPs/M
odule 4/classes$ 